// Jest Snapshot v1, https://goo.gl/fbAQLP

exports[`Home View renders correctly 1`] = `
<div
  class="home"
>
  <div
    class="logo"
  >
    <logocomponent-stub />
  </div>
   
  <div
    class="content"
  >
    <h2
      class="mb-5"
    >
      Welcome to your homepage Joel
    </h2>
     
    <buttoncomponent-stub
      id="btnLogout"
      name="Log out"
    />
  </div>
</div>
`;
